
> test
> node --test engine.test.js rules.test.js offline.test.js mechanics.test.js pvp.test.js browser.test.js features.test.js coach.test.js companion.test.js strategist.test.js server.test.js opponent.test.js knowledge.test.js evals/agent.test.js evals/regression.test.js evals/slow-model.test.js wiring.test.js evals/player-copy.test.js

✔ every module in the browser import graph parses (1036.3135ms)
✔ the server allowlist covers every browser module plus the page shell (1.775334ms)
✔ app.js does not reference the removed dropdown loadout UI (0.628417ms)
✔ app.js wires the in-match strategist layer and dropped the always-true gate (0.559667ms)
✔ strategist gives a legal action grounded in current state (33.475292ms)
✔ teacher reads selected pet and resource limits (1.155709ms)
✔ quiz closes the teaching loop and records success (0.740916ms)
✔ explicit preference persists and preview results are not remembered (15.405458ms)
✔ PVP restriction happens before provider calls (0.411917ms)
✔ context excludes real RNG and invalid provider output is rejected (24.201541ms)
✔ ordinary play closes observation choice feedback and relevant practice (43.193875ms)
✔ round survives camp and serialization without leaking into new match (64.276708ms)
✔ newest rounds first preserves event order; Markdown never executes HTML (1.058917ms)
✔ runaway model output falls back to grounded packet (12.549292ms)
✔ seed explanation and follow-up cannot be rewritten as pet resources (0.325833ms)
✔ quiz waits for an answer, survives reload, handles question mark and cancels (0.520708ms)
✔ provider receives earlier dialogue and topic instead of an isolated follow-up (0.445458ms)
✔ attention is bounded, respects silence and cannot fire in background (0.310583ms)
✔ agent planner can adapt to tool receipts and invalid tools never execute (15.110291ms)
✔ whole-match archive persists all turns, separates matches and preserves previews (114.027166ms)
✔ selected review turn returns its evidence rather than the final hit (90.000042ms)
✔ screenshot endgame flags attack opportunity with guard caveat (0.380125ms)
✔ current-match selection and missing requested turn never substitute another match or turn (40.798416ms)
✔ whole-match UI request can review archived evidence without network or model credentials (20.894416ms)
✔ withdrawal is recorded separately from attacks in match summaries (19.761209ms)
✔ roster advice derives shared weaknesses and coverage from the real type chart (0.491166ms)
✔ goal preference reweights the same enumeration and can flip the recommendation (71.149958ms)
✔ hard-requirement detection is programmatic, not left to the planner (0.146042ms)
✔ tool policy is decided in code, and the model is only consulted when a tool is required (0.388125ms)
✔ low HP with a potion in the bag is surfaced; without one it is not (38.692917ms)
✔ the countered hint states both directions, because the chart is symmetric (24.342208ms)
✔ companion state is derived from real matches, dismissals and dialogue (289.633791ms)
✔ register table: silence stays first and engagement never raises the ceiling (411.818292ms)
✔ the register changes the wording, not only the field (192.016459ms)
✔ templates cite the real match, the fallen pet and the opponent (143.422792ms)
✔ every number the companion says is backed by its own evidence (155.052125ms)
✔ restraint scan rejects the five forbidden shapes and accepts our own templates (147.04975ms)
✔ one loss never becomes comfort, and silence stays a real output (7.84ms)
✔ player preferences survive matches and change the reply (139.16775ms)
✔ runCoach routes to the companion and hands the register to the model (147.362292ms)
✔ a model reply that breaks the register falls back to the recorded template (11.65925ms)
✔ proactive companion cites the live match and stays silent by design (130.482167ms)
✔ companion facts degrade to null instead of default values (0.204125ms)
✔ the proactive bubble fires on exactly two events, once each per match (0.097125ms)
✔ invalid actions leave original state untouched (1.3585ms)
✔ defense reduces damage, blocks new status and cannot repeat (5.243917ms)
✔ switch sends damage to the new pet and consumes the round (4.377041ms)
✔ healing occurs before attacks and consumes exactly one item (6.748625ms)
✔ fainted actor loses attack, replacement is free (8.6835ms)
✔ status ticks immediately, expires and pauses on bench (8.086917ms)
✔ simultaneous status knockouts produce draw (0.603667ms)
✔ escape terminates without enemy damage (0.272875ms)
✔ seed and actions are reproducible, inputs remain immutable (61.782791ms)
✔ 100 varied complete games preserve invariants and terminate (11690.089125ms)
✔ three independent receipts reduce routine coaching; helped actions do not prove mastery (3.797208ms)
✔ dismissals persist with source and suppress only routine reminders (0.155208ms)
✔ context assembly trims to an explicit budget, preserves current facts and does not mutate the archive (14.016417ms)
✔ RAG citations fail closed on deleted IDs and wrong rules version; applicability is explicit (14.426042ms)
✔ trained policy obeys hard constraints on all state combinations and differs from zero initialization (0.928625ms)
✔ paired simulator does not credit hints for actions already correct without coaching (0.580917ms)
✔ unsupported numeric claims and certainty are rejected while grounded comparisons pass (4.249958ms)
✔ watch registration is bounded, cancelled explicitly, and never crosses matches or PVP (1.915208ms)
✔ parametric practice includes faster, slower and ties with engine-aligned answers (0.499583ms)
✔ watch clarification does not inherit previous review topic (0.47925ms)
✔ corrupt archive fails closed and old rules never receive current-rule counterfactuals (13.593334ms)
✔ review alternatives use the decision snapshot and never the actual future enemy action (41.895666ms)
✔ slow results cannot cross an action, match, rules version or expiry boundary (0.210542ms)
✔ invalid model numbers and network errors fall back with the original state token (45.1085ms)
✔ direct skill facts use generated engine knowledge and preserve follow-up evidence (0.37425ms)
✔ colloquial help at replacement sees public state and ranks only living reserves (27.094583ms)
✔ analysis after a match invokes model with whole-match evidence rather than canned companion reply (32.114166ms)
✔ context assembly retains the just-finished turn for colloquial battle questions (20.104958ms)
✔ model length fallback never claims the template was generated by DeepSeek (33.824584ms)
✔ client sends whole-match requests to connected backend instead of intercepting review topic (37.94375ms)
✔ automatic and manual requests share a queue rather than forcing a busy fallback (22.598875ms)
✔ five energy must not be described as full energy (0.399792ms)
✔ automatic review prompt stays whole-match even when its instructions mention single-turn scores (31.496667ms)
✔ numeric guard normalizes decimal formatting without dropping sign (0.125667ms)
✔ match grounding rejects damage assigned to an explicitly cancelled turn (0.398708ms)
✔ generation instructions are not saved as the player message (34.883625ms)
✔ state invalidation aborts active work and discards queued old requests (0.329834ms)
✔ same-state requests merge, cache clones, and epoch clears cache (0.224958ms)
✔ tool contracts reject unknown parameters and return bounded evidence pages (32.048042ms)
✔ branch simulation covers both tie orders without mutation or hidden seed dependence (0.616167ms)
✔ training preserves scarce resources for an explicitly preferred partner (0.442541ms)
✔ transfer assessment excludes prompted actions and requires different matches and situations (0.366459ms)
✔ guard binds remaining HP to after snapshot and rejects observing simultaneous opponent action first (0.378417ms)
✔ item-name drift is rejected even when every number is grounded (0.077084ms)
✔ evidence trimmed out of the prompt is still retrievable from the archive (40.00575ms)
✔ an action recorded as cancelled cannot be described as having hit (0.361083ms)
✔ guards do not fire on negated certainty or on numbers quoted from a knowledge card (0.08575ms)
✔ no player-facing string uses internal vocabulary (71.708833ms)
✔ no coach module string literal contains banned vocabulary (4.654916ms)
✔ regression set covers all four required scenario categories (0.589792ms)
✔ r01 [silence] 玩家已经出招，旧提示必须消失 (0.152916ms)
✔ r02 [silence] 安静档下不得主动提示，即便有可行动风险 (0.063833ms)
✔ r03 [silence] 同一回合不得重复提示 (0.062ms)
✔ r04 [silence] 玩家忽略过提示后提高打扰成本，不得连续催促 (0.081166ms)
✔ r05 [low-confidence] 绝对承诺一律拒绝，无论数字是否可核 (0.404458ms)
✔ r06 [low-confidence] 否定形式的确定性（不是稳赢）不得被误判为承诺 (0.166542ms)
✔ r07 [low-confidence] 不得声称看过对手待执行的动作 (0.061542ms)
✔ r08 [low-confidence] 把已取消的行动说成命中必须拦下 (0.122667ms)
✔ r09 [missing-evidence] 道具名不得漂移（净化药被叫成解药） (0.113958ms)
✔ r10 [missing-evidence] 凭空数字必须拦下 (0.072083ms)
✔ r11 [missing-evidence] 引用不存在的知识卡必须失败关闭 (0.125167ms)
✔ r12 [missing-evidence] 引用已被删除或规则版本不符的卡片必须失败关闭 (0.052083ms)
✔ r13 [tied-options] 同分行动不得被描述成明显更优 (30.3645ms)
✔ r14 [tied-options] 枚举结论必须带边界说明，不能暗示全局最优 (15.97475ms)
✔ r15 [tied-options] 目标偏好改变后推荐可以变，但依据仍须是同一批枚举 (30.231833ms)
✔ r16 [tied-options] 不设偏好时结果必须稳定 (30.353916ms)
✔ a slow model answer is aborted when the player acts first, so no stale text is delivered (367.656084ms)
✔ after a fast action only the newest position is delivered (157.82175ms)
✔ the same position asked twice is merged into one upstream call (no duplicate delivery) (155.34225ms)
✔ three rapid actions in a row deliver exactly one answer: the last one (136.089ms)
✔ the client layer never speaks: no speech call exists on the answer path (1.528709ms)
✔ a slow answer that arrives after the deadline is not resurrected (814.341958ms)
✔ fox has exclusive burn combo; lion trades recoil for burst (1.083084ms)
✔ lion recoil and guard penetration are actually resolved (1.862917ms)
✔ deer drain and turtle guard recover health (0.432791ms)
✔ preemptive skill acts before a faster ordinary attacker (0.387167ms)
✔ AI chooses guaranteed knockout instead of healing a scratch (5.100959ms)
✔ AI heals when it prevents a lethal hit and preserves a winning position (0.465292ms)
✔ AI decision is pure and independent of any submitted action (34.780875ms)
✔ training changes next battle, caps allocation, reset refunds (0.619458ms)
✔ battle rewards are once-only, progress levels and survive serialization (0.525041ms)
✔ invalid saved growth falls back safely (0.294709ms)
✔ companion can initiate without a complaint and respects suppression (0.491875ms)
✔ PVP live blocks unsolicited and queried tactical help (0.275875ms)
✔ difficulty is saved and changes decision behavior without stat bonuses (145.521042ms)
✔ old two-point saves remain valid with the expanded cap (0.216ms)
✔ stages apply fixed opponent levels and actual training stats (1.727625ms)
✔ winning clears a stage and old saves receive an empty clear list (0.226834ms)
✔ all preset scenes are isolated and cannot award progression (0.362ms)
✔ swift bonus is once per stage; slower wins keep their base reward (0.296ms)
✔ energy recovery belongs to surviving active pet after switching (0.386458ms)
✔ search reports finite explicit branch scores without inspecting pending actions (10.046084ms)
✔ six-pet saves gain new pets without losing trained stats or wallet (0.196125ms)
✔ sparrow slow changes next turn, guard blocks it, reserve timer pauses (1.397291ms)
✔ badger counter only triggers from attacks while guarding (0.636ms)
✔ slow timer pauses while its owner is on the bench (0.70475ms)
✔ retrieves colloquial tactical questions with relevant cards (26.8865ms)
✔ unknown rules, unrelated queries and insufficient budget return no evidence (4.996541ms)
✔ foreign mechanics are retrieved as unsupported, not imported as live rules (2.570334ms)
✔ lower damage is not automatically a mistake when both moves can KO (3.48475ms)
✔ live calculations exclude unaffordable attacks and restrict PVP/version mismatch (4.677625ms)
✔ camp knowledge does not invent battle data (2.507125ms)
✔ switch mind games retrieve counterexamples rather than a certain prediction (6.976875ms)
✔ live strategist supplies retrieved sources and simulated switch branches (34.672125ms)
✔ generated browser knowledge stays identical to source (1.78375ms)
✔ generated reference facts stay tied to the engine rather than copied external game rules (9.362625ms)
✔ the semantic corpus is generated from the same source as content.js (0.886583ms)
✔ old six-pet saves preserve progress and unlock new loadouts without spending points (1.686209ms)
✔ buff damage, duration, stack cap and switching use actual turn resolution (4.595ms)
✔ guard blocks dispel while ordinary hit removes buffs (0.588708ms)
✔ held items trigger once and energy seed respects post-action threshold (0.933917ms)
✔ environment expires on fourth turn, clearwind removes it before slower damage and history preserves it (2.736083ms)
✔ new default rosters keep all difficulty choices legal and finite (86.669833ms)
✔ the engine never depends on the coach: rules and settlement are self-contained (1.610958ms)
✔ a full PVE match completes with no coach module and no network (181.537375ms)
✔ every number needed to finish a match is explained in place (14.882375ms)
✔ the rules page can be read without opening the coach, and in-battle cards explain skills in place (0.738625ms)
✔ turning the coach off does not disable any rule, and the version stays consistent (0.416833ms)
✔ agent 的候选表就是引擎的合法行动表（去掉撤退），一个不多一个不少 (1.568625ms)
✔ 每个候选项都带基本信息：技能名、消耗、威力/先制，模型不需要自己编技能 (0.313125ms)
✔ 难度分级给的信息量不同：easy 没有教练建议也没有评分，normal 有建议没评分，hard 两个都有 (26.031167ms)
✔ 模型只能回答合法序号；越界、乱码、列表外的行动一律解析为 null (0.4595ms)
✔ 正常路径：模型选哪个就是哪个，chooseEnemy 不参与决策 (55.338167ms)
✔ 非法选择：模型给了列表外的行动 → action 为 null、source 标明原因，交给调用方兜底 (102.157666ms)
✔ 超时兜底：模型调用悬挂时，decideOpponentAction 自己在 timeoutMs 内结束（不悬挂、不抛） (94.470083ms)
✔ 超时兜底：模型调用抛错（网络/鉴权）→ model-error，action 为 null (23.439625ms)
✔ 未配置兜底：没有模型调用入口时立刻返回 unconfigured，不做任何计算 (0.226875ms)
✔ 畸形局面不抛异常：没有合法行动时返回 no-legal-actions (0.185875ms)
✔ 教练建议真的进了提示词：同一局面下"听教练的模型"给出的选择和"没有建议时"不同 (37.295708ms)
✔ hard 的评分就是引擎自己的枚举结果：照最高分选的模型与引擎硬档选择一致 (31.31675ms)
✔ agent 的建议来自它自己那一侧：建议的行动必须落在对手自己的合法列表里 (23.939958ms)
✔ 闸门：合法选择原样通过，非法选择退回 chooseEnemy (96.000292ms)
✔ 补位阶段：chooseEnemy 在这个局面会抛，兜底必须改走引擎自己的补位语义 (0.501375ms)
✔ 兜底永不抛：局面残缺时返回 null 而不是异常 (0.257ms)
✔ legalEnemyActions 永远不含撤退，且始终是引擎合法行动的子集 (0.186084ms)
✔ /api/opponent：模型答合法序号 → 200 且返回引擎认得的行动 (74.162833ms)
✔ /api/opponent：难度直接决定提示词里带不带教练建议和评分 (33.506958ms)
✔ /api/opponent：未配置密钥时零上游调用、立刻返回 unconfigured（本地对战照常可玩） (60.7675ms)
✔ /api/opponent：模型给非法序号 → action 为 null，绝不放行 (130.038708ms)
✔ /api/opponent：上游超时/网络错 → 有界返回，不把失败抛给浏览器 (4092.7875ms)
✔ /api/opponent 与 /api/coach 并行：玩家正在问教练时，对手决策不会被 429 挡掉 (52.793583ms)
✔ /api/opponent：请求体校验（难度、局面、模式）与来源校验都照旧生效 (33.068542ms)
✔ 对手 agent 的提示词把局面当数据：系统提示里写明"下面是指令以外的数据"且只允许输出序号 (49.607875ms)
✔ 对手 agent 不碰玩家教练的状态：/api/opponent 不返回对话、记忆或证据包 (52.417417ms)
✔ 整局跑通：agent（假模型）与引擎兜底交替出现，每一步都是合法行动 (557.85125ms)
✔ pvp-local game carries its own mode and log line (1.017042ms)
✔ the submitted opponent action resolves instead of the AI choice (14.437792ms)
✔ each side enumerates only its own legal actions (0.297958ms)
✔ a fainted opponent is queued for manual replacement and is not auto-picked (0.787083ms)
✔ a fainted local player is queued for manual replacement the same way (0.656666ms)
✔ the replace queue handles two sides needing replacement one after the other (0.357958ms)
✔ pve replacement behaviour is unchanged when manualReplace is absent (15.382708ms)
✔ a full hot-seat match terminates and keeps both sides independent (21.026417ms)
✔ the rules page is generated, not hand-written, and covers every skill (32.266083ms)
✔ type multipliers shown on the rules page match measured engine damage (0.639542ms)
✔ guard reduction and piercing skills shown on the rules page match measured damage (1.071042ms)
✔ damage formula coefficients on the rules page reproduce engine damage (1.793083ms)
✔ status timing and ticks shown on the rules page match a real resolved turn (1.619ms)
✔ energy, item and turn-limit numbers shown on the rules page match the engine (2.115583ms)
✔ environment multipliers and durations shown on the rules page match the engine (0.482125ms)
✔ reward, xp and training numbers shown on the rules page match a real settle() (9.444292ms)
✔ swift-win threshold shown on the rules page matches settle() (1.133917ms)
✔ every skill description states the same numbers as its own data fields (1.342917ms)
✔ a rules-version mismatch blocks advice instead of showing stale numbers (3.167709ms)
✔ the tool layer quotes the same rule numbers as the engine (3.22275ms)
✔ the tactics knowledge base states the same numbers as the engine (0.285875ms)
✔ the difficulty list on the page comes from DIFFICULTIES (0.930375ms)
✔ legal actions and the rules page agree about what is affordable (1.419541ms)
✔ species panels quoted in the rules page come from SPECIES (0.153292ms)
✔ browser-compatible ciphertext loads a memory-only credential and status never exposes it (69.007167ms)
✔ encryption nonce is single-use and malformed ciphertext is rejected (76.489792ms)
✔ cross-origin, missing CSRF, DNS rebinding and server source requests are blocked (49.130166ms)
✔ verification reaches only official HTTPS endpoint with bearer auth and marks verified (45.829666ms)
✔ invalid authentication reports safe errors without reflecting upstream response (54.236542ms)
✔ unconfigured coach runs locally; configured coach uses model and preserves evidence (62.465ms)
✔ PVP gating occurs before remote invocation even when configured (40.740209ms)
✔ disconnect clears configuration; blank output and malformed input fail safely (45.27325ms)
✔ network errors are sanitized (66.365834ms)
✔ client disconnect aborts the upstream model request (39.845667ms)
✔ every local mode the client can send is accepted by the coach endpoint (60.676ms)
✔ 军师在伙伴倒下时开口，补位理由来自真实血量，且不当成胜率 (2.206375ms)
✔ 倒下触发不会在没人倒下、或已经说过一次之后重复开口 (0.543292ms)
✔ 犹豫触发沿用 trackAttention 的悬停记录与 shouldNudge 门槛 (0.57ms)
✔ 悬停记录是对象时也要能分出「不同选项」（app.js 现在就存对象） (0.477208ms)
✔ 犹豫不成立的时候真的不说：只看一个选项、看得太短、安静档、已提示过、已关闭 (0.796334ms)
✔ 犹豫复用 shouldNudge：45 秒冷却与本局两次上限都算数 (21.0635ms)
✔ 策略错误必须同时有真实分差和 after 快照上的后果 (83.425792ms)
✔ 不该说的时候真的不说：分差太小、选了更强的一手、对手已被收掉、整局已结束 (84.852625ms)
✔ 可救却减员是真实枚举分差 + after 里的倒下，不是「有药就该吃」 (42.455208ms)
✔ 一局打满也只有这三次开口，理由不重复，且都来自三类之一 (304.554917ms)
✔ 冷却与每回合一次是硬约束：刚说过就不会连着说 (0.393709ms)
✔ 每条开口都带可读的理由和行动名，不出现胜率或命令句 (0.336208ms)
✔ 长停留：停的就是推荐解 → 老师只讲解这一招，军师闭嘴 (9.324541ms)
✔ 长停留：明显不是最优 → 军师委婉建议换掉（给台阶，不判错） (8.862583ms)
✔ 来回换不算长停留：犹豫照旧成立，长停留一定为 null (8.978041ms)
✔ 长停留优先于犹豫：扫过两个选项后又停在同一个上 ≥10 秒，不说「来回看」 (9.209917ms)
✔ 长停留的门槛与克制：不足 10 秒、安静档、点掉、每局限一次、每局总上限 (8.607583ms)
✔ 指针离开选项区就不再是长停留（盯着空白处不算盯着技能看） (8.154ms)
✔ 学过就不再教：这一课已经教过、又没有新的反证，就不再主动讲 (10.207834ms)
✔ 没学会就再教（军师联动）：3 次独立行动都不合理 → 标回未掌握，并且能说出为什么 (9.914041ms)
✔ 再教的边界：证据不够、只是被提示后做错、或者独立做对了，都不重新开课 (0.357417ms)
✔ 第一层：只叉了一次教学，教学类安静，军师类照常（不该一起哑掉） (0.293833ms)
✔ 第二层：两类都被叉掉 → 接到 adaptiveGate 上一律静默 (0.093333ms)
✔ 点掉即静音优先：本局点掉之后，无论教没教过、有没有再教证据都不再开口 (8.561042ms)
✔ every id app.js looks up is declared in the HTML or created by app.js itself (1.453166ms)
✔ app.js dead functions are reported, not silently ignored (8.083084ms)
✔ every capability the interview asks for has an entry point wired (0.3435ms)
ℹ tests 251
ℹ suites 0
ℹ pass 251
ℹ fail 0
ℹ cancelled 0
ℹ skipped 0
ℹ todo 0
ℹ duration_ms 11859.572334
